<root>
  <cent>
    -2036987824
  </cent>
  <advice>
    -382485876
  </advice>
  <mood>
    -1255836683.6094828
  </mood>
  <fewer>
    willing
  </fewer>
  <red>
    <wrote>
      -2045291330.9269004
    </wrote>
    <lay>
      1089968638.5407443
    </lay>
    <folks>
      transportation
    </folks>
    <middle>
      <southern>
        596529693.8457294
      </southern>
      <coat>
        that
      </coat>
      <beyond>
        231916564.58609104
      </beyond>
      <space>
        -1304314384.5063148
      </space>
      <slight>
        0.9399357
      </slight>
      <draw>
        bring
      </draw>
    </middle>
    <replied>
      would
    </replied>
    <clay>
      <get>
        1785527806.6880274
      </get>
      <pleasure>
        mud
      </pleasure>
      <drawn>
        380940042.21293926
      </drawn>
      <growth>
        bound
      </growth>
      <under>
        jack
      </under>
      <ask>
        1128386694.0411663
      </ask>
    </clay>
  </red>
  <many>
    pot
  </many>
</root>

